c9588334-4f71-4610-97b8-13f7adbf9d1b:1731302157115:9:S:BEGIN\n   EXECUTE IMMEDIATE 'DROP TABLE Course';\nEXCEPTION\n   WHEN OTHERS THEN NULL; -- Ignore errors if the table does not exist\nEND;\n/
dee0a87b-ac0e-4dd7-92bf-266c653be99e:1731302157164:8:S:BEGIN\n   EXECUTE IMMEDIATE 'DROP TABLE Instructor';\nEXCEPTION\n   WHEN OTHERS THEN NULL;\nEND;\n/
2201ed35-fa9d-430c-8e24-f79865c395d5:1731302157273:5:S:CREATE TABLE Instructor (\n    ID INT, \n    namex VARCHAR2(30), \n    Age INT,\n    CONSTRAINT IT_PK PRIMARY KEY(ID)\n);
d554fec7-ceca-4f31-be2b-f26f55457b29:1731302157339:6:S:CREATE TABLE Course (\n    course_code INT, \n    credit NUMBER, \n    instructor INT, \n    CONSTRAINT CT_PK PRIMARY KEY(course_code),\n    CONSTRAINT CT_FK FOREIGN KEY(instructor) REFERENCES Instructor(ID) \n);
704dcbc7-7f47-40e6-ae7f-fb2c1a9f22ef:1731302157410:3:S:INSERT INTO Instructor (ID, namex, Age) VALUES (101, 'Dr. Smith', 45);
da062ee8-8f30-47e9-8f2c-845029c3863e:1731302157443:1:S:INSERT INTO Instructor (ID, namex, Age) VALUES (102, 'Prof. Johnson', 52);
f63668ef-ceac-425a-a9bb-aa199dcdfefa:1731302157480:1:S:INSERT INTO Instructor (ID, namex, Age) VALUES (103, 'Dr. Miller', 39);
dfbc96d3-9a2a-47b2-9737-ee09d47834b0:1731302157518:2:S:INSERT INTO Instructor (ID, namex, Age) VALUES (104, 'Prof. Wilson', 34);
bbb37dc0-e3a9-4dbb-9fc1-ea987b17cf11:1731302157554:2:S:INSERT INTO Instructor (ID, namex, Age) VALUES (105, 'Dr. Lee', 47);
9feebdf4-b85e-49b2-87cb-60fc68cca024:1731302157612:2:S:INSERT INTO Course (course_code, credit, instructor) VALUES (501, 3, 101);
b449b8d3-f91d-44f7-8634-9d799e7afeab:1731302157648:1:S:INSERT INTO Course (course_code, credit, instructor) VALUES (502, 4, 102);
9e9091b2-f0f1-4f94-95f2-51f5cad200c4:1731302157681:1:S:INSERT INTO Course (course_code, credit, instructor) VALUES (503, 3, 103);
0ca68eba-884d-4544-b15b-dbfd56015af7:1731302157721:2:S:INSERT INTO Course (course_code, credit, instructor) VALUES (504, 2, 101);
8a48a417-9d47-4bce-be25-f05ae32d0823:1731302157754:2:S:INSERT INTO Course (course_code, credit, instructor) VALUES (505, 5, 104);
db89da24-f2c8-4c2f-aa90-9abc6299c7cc:1731302157789:2:S:INSERT INTO Course (course_code, credit, instructor) VALUES (506, 4, 105);
0a8adb54-40f1-450d-84df-944cabdd38aa:1731302157842:14:S:DESC Instructor;
a86432dd-4427-4064-93b5-374e7acaea5c:1731302157897:14:S:DESC Course;
a5320f62-d7a2-4f0f-a9be-f095287b3772:1731302157978:5:S:SELECT * FROM Course;
0bdfb681-a73a-43df-8b83-3c56a713d548:1731302158012:3:S:SELECT * FROM Instructor;
6c8d3020-88a9-466a-9fb7-2512d99b6bd3:1731302158098:5:S:ALTER TABLE Course ADD cred_hour NUMBER;
edf009a0-8fb0-4ac9-893b-375f1bf5316d:1731302158158:5:S:SELECT * FROM Course;
c2c077ce-3cd1-4cee-be94-e5318e40a49b:1731302158196:14:S:DESC Instructor;
125f9fe6-ccc1-4d06-a360-34f4dccc7d88:1731302158254:17:S:DESC Course;
e3d7d566-de1e-4d49-b739-3e55f60ccef8:1731302158341:7:S:SELECT * FROM Instructor, Course;
71466da1-e4a4-4b38-8157-ae2e0ebaf1c6:1731302198936:20:S:BEGIN\n   EXECUTE IMMEDIATE 'DROP TABLE Course';\nEXCEPTION\n   WHEN OTHERS THEN NULL; -- Ignore errors if the table does not exist\nEND;\n/
618baf25-2afc-4c11-ac62-946db59d8750:1731302198991:7:S:BEGIN\n   EXECUTE IMMEDIATE 'DROP TABLE Instructor';\nEXCEPTION\n   WHEN OTHERS THEN NULL;\nEND;\n/
1ab2db63-3121-45db-a330-555ff805b6d6:1731302199042:5:S:CREATE TABLE Instructor (\n    ID INT, \n    namex VARCHAR2(30), \n    Age INT,\n    CONSTRAINT IT_PK PRIMARY KEY(ID)\n);
261d728a-048b-4493-85b8-b8282716ed34:1731302199099:5:S:CREATE TABLE Course (\n    course_code INT, \n    credit NUMBER, \n    instructor INT, \n    CONSTRAINT CT_PK PRIMARY KEY(course_code),\n    CONSTRAINT CT_FK FOREIGN KEY(instructor) REFERENCES Instructor(ID) \n);
66186953-95c8-4584-a8b2-a83d08984306:1731302199164:2:S:INSERT INTO Instructor (ID, namex, Age) VALUES (101, 'Dr. Smith', 45);
c838423d-79c2-4c53-872d-a97aad880a81:1731302199201:2:S:INSERT INTO Instructor (ID, namex, Age) VALUES (102, 'Prof. Johnson', 52);
27d58776-cc74-4314-b71c-5381d12215b5:1731302199237:2:S:INSERT INTO Instructor (ID, namex, Age) VALUES (103, 'Dr. Miller', 39);
b439867a-1afb-40c7-8e0e-631b57ba1182:1731302199277:2:S:INSERT INTO Instructor (ID, namex, Age) VALUES (104, 'Prof. Wilson', 34);
2f727160-f068-4161-b684-7518aceb33ae:1731302199312:2:S:INSERT INTO Instructor (ID, namex, Age) VALUES (105, 'Dr. Lee', 47);
ce81a04e-1e5e-416b-9cb1-e31773afd5db:1731302199368:2:S:INSERT INTO Course (course_code, credit, instructor) VALUES (501, 3, 101);
a49aa8a3-bc83-4836-83a7-197f93b1bdc6:1731302199403:2:S:INSERT INTO Course (course_code, credit, instructor) VALUES (502, 4, 102);
b8d19e6e-f58f-4674-b1ce-c352eca3fee7:1731302199440:3:S:INSERT INTO Course (course_code, credit, instructor) VALUES (503, 3, 103);
f1867895-b9aa-48ee-bcc1-05b84fec1193:1731302199478:2:S:INSERT INTO Course (course_code, credit, instructor) VALUES (504, 2, 101);
b7461c16-442e-4555-a537-f1106f34a42d:1731302199513:2:S:INSERT INTO Course (course_code, credit, instructor) VALUES (505, 5, 104);
6d9db176-d842-4a73-b64c-3c3e6954a8ec:1731302199550:3:S:INSERT INTO Course (course_code, credit, instructor) VALUES (506, 4, 105);
130548d8-9340-4b40-b618-191a9f7ab432:1731302199605:16:S:DESC Instructor;
9fae10b4-2259-4888-b1f2-94d73493f55a:1731302199663:16:S:DESC Course;
24b434a4-b408-4fd0-abd2-f42f5c09755a:1731302199750:5:S:SELECT * FROM Course;
99793e2c-1c75-4434-8bfb-a235ff665129:1731302199784:4:S:SELECT * FROM Instructor;
614d4dfa-1a05-42a2-bf8f-00f80202785b:1731302199873:5:S:ALTER TABLE Course ADD cred_hour NUMBER;
b3d01874-c5f0-4ee8-a1ee-7e76412c299a:1731302199929:4:S:SELECT * FROM Course;
bfdcc588-5561-4fe9-9285-d92c276a34de:1731302199961:13:S:DESC Instructor;
f197d982-3e28-4baf-b6a9-d80db6112a1e:1731302200012:12:S:DESC Course;
b52b33e5-8785-4340-84d0-2759335c2c6b:1731302200085:7:S:SELECT * FROM Instructor, Course;
cd503fa4-fa16-447d-8c7b-235cce9be5f1:1731302822602:0:F:DROP TABLE Instructor \nCREATE TABLE Instructor (\n    ID INT, \n    namex VARCHAR2(30), \n    dept_name VARCHAR2(10),\n    salary NUMBER, \n    CONSTRAINT IT_PK PRIMARY KEY(ID)\n);
ee67d613-c060-400b-adda-2b332472af47:1731302822709:0:F:INSERT INTO Instructor (ID, namex, dept_name, salary) VALUES (101, 'Dr. Alice Thompson', 'CSE', 85000);
f34932ed-5bc0-4f78-9edf-d0b78db60466:1731302822815:0:F:INSERT INTO Instructor (ID, namex, dept_name, salary) VALUES (102, 'Prof. Robert Kim', 'EEE', 78000);
7f4407a4-7562-4d14-9643-1468c94cc695:1731302822870:0:F:INSERT INTO Instructor (ID, namex, dept_name, salary) VALUES (103, 'Dr. Emily Carter', 'MPE', 92000);
1161eb38-21ff-4a37-bfb2-b951d4c571f4:1731302822922:0:F:INSERT INTO Instructor (ID, namex, dept_name, salary) VALUES (104, 'Prof. Michael Brown', 'CEE', 76000);
f66c79fc-a55e-4570-b037-d0f8f29c1f05:1731302822969:0:F:INSERT INTO Instructor (ID, namex, dept_name, salary) VALUES (105, 'Dr. Susan Green', 'BTM', 83000);
b6768251-a90d-4787-9912-a10e0a17b0a1:1731302823014:0:F:INSERT INTO Instructor (ID, namex, dept_name, salary) VALUES (106, 'Prof. James Lee', 'CSE', 87000);
a8113608-8d17-461a-82d5-079441a87454:1731302823063:0:F:INSERT INTO Instructor (ID, namex, dept_name, salary) VALUES (107, 'Dr. Nancy Adams', 'EEE', 79000);
dc748aaf-9b5a-4e7b-a765-a179fb075cc3:1731302823112:0:F:INSERT INTO Instructor (ID, namex, dept_name, salary) VALUES (108, 'Prof. David Martin', 'MPE', 95000);
77a9f5e6-e813-46d3-9bd9-2d8daada4bd5:1731302823155:0:F:INSERT INTO Instructor (ID, namex, dept_name, salary) VALUES (109, 'Dr. Olivia Wilson', 'CEE', 75000);
1f902074-8be0-4ec6-b7ec-653e95ec494a:1731302823198:0:F:INSERT INTO Instructor (ID, namex, dept_name, salary) VALUES (110, 'Prof. Daniel Clark', 'BTM', 81000);
c8095d8a-8a09-4b9e-b722-ce7540520107:1731302823255:0:F:SELECT * FROM Instrucctor WHERE salary < 85000;
d52e34f4-c76e-4ba6-bb1f-6840b4e2cd55:1731302841165:0:F:DROP TABLE Instructor \nCREATE TABLE Instructor (\n    ID INT, \n    namex VARCHAR2(30), \n    dept_name VARCHAR2(10),\n    salary NUMBER, \n    CONSTRAINT IT_PK PRIMARY KEY(ID)\n);
96e6f94e-e32d-4bd2-8598-2fa7c9e65a3b:1731302841243:0:F:INSERT INTO Instructor (ID, namex, dept_name, salary) VALUES (101, 'Dr. Alice Thompson', 'CSE', 85000);
84e6f3c9-1be6-4dfb-be76-0dd788657174:1731302841294:0:F:INSERT INTO Instructor (ID, namex, dept_name, salary) VALUES (102, 'Prof. Robert Kim', 'EEE', 78000);
545149d2-6d81-415b-9e0a-d6741c66c221:1731302841344:0:F:INSERT INTO Instructor (ID, namex, dept_name, salary) VALUES (103, 'Dr. Emily Carter', 'MPE', 92000);
e8060a3f-484e-487b-b978-269cd51bc3ce:1731302841396:0:F:INSERT INTO Instructor (ID, namex, dept_name, salary) VALUES (104, 'Prof. Michael Brown', 'CEE', 76000);
1f4261fc-7f06-4e19-81c5-77eaa5079152:1731302841439:0:F:INSERT INTO Instructor (ID, namex, dept_name, salary) VALUES (105, 'Dr. Susan Green', 'BTM', 83000);
b07e182e-0b2d-407d-a408-efdd5a6ac66f:1731302841490:0:F:INSERT INTO Instructor (ID, namex, dept_name, salary) VALUES (106, 'Prof. James Lee', 'CSE', 87000);
2a736ebe-1998-4ce6-8a5a-2440212c4678:1731302841540:0:F:INSERT INTO Instructor (ID, namex, dept_name, salary) VALUES (107, 'Dr. Nancy Adams', 'EEE', 79000);
09cf9459-2b18-410e-82d5-c57e910eeb56:1731302841591:0:F:INSERT INTO Instructor (ID, namex, dept_name, salary) VALUES (108, 'Prof. David Martin', 'MPE', 95000);
89de4945-4f78-4da1-9ce1-5f8345940306:1731302841643:0:F:INSERT INTO Instructor (ID, namex, dept_name, salary) VALUES (109, 'Dr. Olivia Wilson', 'CEE', 75000);
953c4d64-5a04-48b4-91b0-b4bd15993701:1731302841688:0:F:INSERT INTO Instructor (ID, namex, dept_name, salary) VALUES (110, 'Prof. Daniel Clark', 'BTM', 81000);
60461795-ad07-4b23-9978-fcfdb656c4d4:1731302841751:0:F:SELECT * FROM Instrucctor WHERE salary < 85000;
deda0831-b59e-4e13-84dc-a4ea13aa4bc3:1731303314911:0:F:DROP TABLE Instructor_p3;
ca583103-b717-41c6-b821-b9ddd85de1d0:1731303314970:0:F:CREATE TABLE Instructor_p3 (\n    id_p3 INT, \n    namex VARCHAR2(30), \n    dept_name VARCHAR2(10),\n    salary NUMBER, \n    CONSTRAINT I_PK PRIMARY KEY(id_p3)\n);
85194060-1de9-49d1-84f6-18367f42f04b:1731303315034:0:F:INSERT INTO Instructor_p3 (id_p3, namex, dept_name, salary) VALUES (101, 'Dr. Alice Thompson', 'CSE', 85000);
3346e69b-91e7-41f2-b319-1fbf7dcde346:1731303315074:0:F:INSERT INTO Instructor_p3 (id_p3, namex, dept_name, salary) VALUES (102, 'Prof. Robert Kim', 'EEE', 78000);
b7d5c73c-fe3e-4147-b740-b3c90f3440b1:1731303315118:0:F:INSERT INTO Instructor_p3 (id_p3, namex, dept_name, salary) VALUES (103, 'Dr. Emily Carter', 'MPE', 92000);
e115a83c-b250-43e7-8b63-880e90516ddb:1731303315156:0:F:INSERT INTO Instructor_p3 (id_p3, namex, dept_name, salary) VALUES (104, 'Prof. Michael Brown', 'CEE', 76000);
fa66f9b5-e384-428a-8389-3cfe6f071087:1731303315197:0:F:INSERT INTO Instructor_p3 (id_p3, namex, dept_name, salary) VALUES (105, 'Dr. Susan Green', 'BTM', 83000);
74e19b70-abed-440c-84d9-a25429c36bfe:1731303315235:0:F:INSERT INTO Instructor_p3 (id_p3, namex, dept_name, salary) VALUES (106, 'Prof. James Lee', 'CSE', 87000);
348b899b-41d9-4e19-a46d-611e4da234ab:1731303315275:0:F:INSERT INTO Instructor_p3 (id_p3, namex, dept_name, salary) VALUES (107, 'Dr. Nancy Adams', 'EEE', 79000);
73266a79-e92f-47c1-a0a9-efc15da60ab6:1731303315314:0:F:INSERT INTO Instructor_p3 (id_p3, namex, dept_name, salary) VALUES (108, 'Prof. David Martin', 'MPE', 95000);
e7c41258-07ce-4c12-8f98-31885f7ac424:1731303315352:0:F:INSERT INTO Instructor_p3 (id_p3, namex, dept_name, salary) VALUES (109, 'Dr. Olivia Wilson', 'CEE', 75000);
85131866-b5d3-4b3b-a141-ab065b99e73a:1731303315391:0:F:INSERT INTO Instructor_p3 (id_p3, namex, dept_name, salary) VALUES (110, 'Prof. Daniel Clark', 'BTM', 81000);
706a9629-adda-4933-97c2-cb340f909b6d:1731303315449:3:S:SELECT * FROM Instructor_p3 WHERE salary < 85000;
879b645c-9f2c-40cc-b055-40669561afdf:1731303315480:5:S:SELECT * FROM Instructor_p3 WHERE salary = 81000;
50c3f20a-a67e-49bb-98c1-ae7c7ba701ff:1731303315516:4:S:SELECT * FROM Instructor_p3 WHERE salary != 81000;
f4786482-6dc9-4aca-90d7-ea4810b9ecbe:1731303315549:4:S:SELECT * FROM Instructor_p3 WHERE salary BETWEEN 80000 AND 90000;
